2026-08-20 02:14:07,244 - app - INFO - tasks.py:42 - 开始执行任务
2026-08-20 02:14:07,245 - app - INFO - tasks.py:88 - 开始处理账号 likeA_star
2026-08-20 02:14:07,245 - app - INFO - tasks.py:18 - 正在处理账号 likeA_star 的目标好友 网名是网络身份的个性化标识，通常用于社交
2026-08-20 02:14:13,240 - app - ERROR - tasks.py:36 - 账号 likeA_star 的目标好友 网名是网络身份的个性化标识，通常用于社交 处理失败: CLI call failed (code=2): 发送消息失败: unexepcted session length
Traceback (most recent call last):
  File "/home/runner/work/DouYinSparkFlow/DouYinSparkFlow/core/tasks.py", line 20, in do_user_task
    result = execute_skill(
             ^^^^^^^^^^^^^^
  File "/home/runner/work/DouYinSparkFlow/DouYinSparkFlow/skills/__init__.py", line 157, in execute_skill
    return skill.execute(
           ^^^^^^^^^^^^^^
  File "/home/runner/work/DouYinSparkFlow/DouYinSparkFlow/skills/hitokoto.py", line 123, in execute
    result = self.client.send_text(
             ^^^^^^^^^^^^^^^^^^^^^^
  File "/home/runner/work/DouYinSparkFlow/DouYinSparkFlow/core/web_api.py", line 333, in send_text
    return self._call(
           ^^^^^^^^^^^
  File "/home/runner/work/DouYinSparkFlow/DouYinSparkFlow/core/web_api.py", line 314, in _call
    raise JarCallError(result)
core.web_api.JarCallError: CLI call failed (code=2): 发送消息失败: unexepcted session length

2026-08-20 02:14:13,240 - app - INFO - tasks.py:91 - 账号 likeA_star 任务完成
